\BOOKMARK [0][-]{chapter*.5}{\376\377\006\101\006\107\006\061\006\063\006\052\000\040\006\071\006\104\006\047\006\046\006\105\000\040\006\110\000\040\006\106\006\064\006\047\006\106\006\107\040\014\006\107\006\047}{}% 1
\BOOKMARK [0][-]{section*.6}{\376\377\006\101\006\107\006\061\006\063\006\052\000\040\006\054\006\057\006\110\006\104\040\014\006\107\006\047}{}% 2
\BOOKMARK [0][-]{section*.8}{\376\377\006\101\006\107\006\061\006\063\006\052\000\040\006\106\006\105\006\110\006\057\006\047\006\061\006\107\006\047\006\014\000\040\006\071\006\251\006\063\040\014\006\107\006\047\000\040\006\110\000\040\006\106\006\102\006\064\006\107\040\014\006\107\006\047}{}% 3
\BOOKMARK [0][-]{chapter.1}{\376\377\006\105\006\102\006\057\006\105\006\107}{}% 4
\BOOKMARK [1][-]{section.1.1}{\376\377\006\062\006\105\006\314\006\106\006\107\000\040\006\176\006\061\006\110\006\230\006\107}{chapter.1}% 5
\BOOKMARK [1][-]{section.1.2}{\376\377\006\050\006\314\006\047\006\106\000\040\006\105\006\063\006\046\006\104\006\107}{chapter.1}% 6
\BOOKMARK [1][-]{section.1.3}{\376\377\006\047\006\107\006\057\006\047\006\101}{chapter.1}% 7
\BOOKMARK [1][-]{section.1.4}{\376\377\006\057\006\047\006\105\006\106\006\107\000\040\006\110\000\040\006\105\006\055\006\057\006\110\006\057\006\314\006\052\040\014\006\107\006\047}{chapter.1}% 8
\BOOKMARK [1][-]{section.1.5}{\376\377\006\060\006\314\040\014\006\106\006\101\006\071\006\047\006\106}{chapter.1}% 9
\BOOKMARK [1][-]{section.1.6}{\376\377\006\063\006\047\006\062\006\105\006\047\006\106\040\014\006\057\006\107\006\314\000\040\006\257\006\062\006\047\006\061\006\064}{chapter.1}% 10
\BOOKMARK [1][-]{section.1.7}{\376\377\006\054\006\105\006\071\040\014\006\050\006\106\006\057\006\314\000\040\006\101\006\065\006\104}{chapter.1}% 11
\BOOKMARK [0][-]{chapter.2}{\376\377\006\101\006\106\006\047\006\110\006\061\006\314\040\014\006\107\006\047\000\040\006\110\000\040\006\176\006\314\006\064\006\314\006\106\006\107}{}% 12
\BOOKMARK [1][-]{section.2.1}{\376\377\000P\000y\000t\000h\000o\000n\006\014\000\040\000D\000j\000a\000n\000g\000o\000\040\006\110\000\040\000D\000j\000a\000n\000g\000o\000\040\000R\000E\000S\000T\000\040\000F\000r\000a\000m\000e\000w\000o\000r\000k}{chapter.2}% 13
\BOOKMARK [1][-]{section.2.2}{\376\377\000M\000o\000n\000g\000o\000D\000B\000\040\006\110\000\040\006\105\006\057\006\104\000\040\006\057\006\047\006\057\006\107}{chapter.2}% 14
\BOOKMARK [1][-]{section.2.3}{\376\377\000R\000e\000a\000c\000t\006\014\000\040\000T\000y\000p\000e\000S\000c\000r\000i\000p\000t\000\040\006\110\000\040\000V\000i\000t\000e}{chapter.2}% 15
\BOOKMARK [1][-]{section.2.4}{\376\377\000N\000o\000d\000e\000.\000j\000s\000\040\006\110\000\040\006\047\006\050\006\062\006\047\006\061\006\107\006\047\006\314\000\040\006\101\006\061\006\047\006\106\006\052\040\014\006\047\006\106\006\057}{chapter.2}% 16
\BOOKMARK [1][-]{section.2.5}{\376\377\000D\000o\000c\000k\000e\000r\000\040\000C\000o\000m\000p\000o\000s\000e\000\040\006\110\000\040\006\047\006\054\006\061\006\047\006\314\000\040\006\105\006\055\006\104\006\314}{chapter.2}% 17
\BOOKMARK [1][-]{section.2.6}{\376\377\000O\000p\000e\000n\000A\000P\000I\000\040\006\110\000\040\000R\000a\000p\000i\000d\000A\000P\000I}{chapter.2}% 18
\BOOKMARK [1][-]{section.2.7}{\376\377\006\054\006\105\006\071\040\014\006\050\006\106\006\057\006\314\000\040\006\101\006\065\006\104}{chapter.2}% 19
\BOOKMARK [0][-]{chapter.3}{\376\377\006\052\006\055\006\104\006\314\006\104\000\040\006\106\006\314\006\047\006\062\006\105\006\106\006\057\006\314\040\014\006\107\006\047}{}% 20
\BOOKMARK [1][-]{section.3.1}{\376\377\006\106\006\102\006\064\040\014\006\107\006\047\006\314\000\040\006\251\006\047\006\061\006\050\006\061\006\314}{chapter.3}% 21
\BOOKMARK [1][-]{section.3.2}{\376\377\006\106\006\314\006\047\006\062\006\105\006\106\006\057\006\314\040\014\006\107\006\047\006\314\000\040\006\071\006\105\006\104\006\251\006\061\006\057\006\314\000\040\006\110\000\040\006\072\006\314\006\061\006\101\006\071\006\047\006\104}{chapter.3}% 22
\BOOKMARK [1][-]{section.3.3}{\376\377\006\105\006\110\006\047\006\061\006\057\000\040\006\251\006\047\006\061\006\050\006\061\006\057\000\040\006\063\006\047\006\105\006\047\006\106\006\107}{chapter.3}% 23
\BOOKMARK [2][-]{subsection.3.3.1}{\376\377\006\106\006\105\006\110\006\057\006\047\006\061\006\107\006\047\006\314\000\040\006\105\006\110\006\047\006\061\006\057\000\040\006\251\006\047\006\061\006\050\006\061\006\057}{section.3.3}% 24
\BOOKMARK [2][-]{subsection.3.3.2}{\376\377\006\105\006\110\006\061\006\057\000\040\006\251\006\047\006\061\006\050\006\061\006\057\000\040\000U\000C\000-\0000\0001\000:\000\040\006\251\006\064\006\101\000\040\006\110\000\040\006\054\006\063\006\052\006\054\006\110\006\314\000\040\000A\000P\000I}{section.3.3}% 25
\BOOKMARK [2][-]{subsection.3.3.3}{\376\377\006\105\006\110\006\061\006\057\000\040\006\251\006\047\006\061\006\050\006\061\006\057\000\040\000U\000C\000-\0000\0002\000:\000\040\006\050\006\061\006\061\006\063\006\314\000\040\006\054\006\062\006\046\006\314\006\047\006\052\000\040\006\110\000\040\006\105\006\063\006\052\006\106\006\057\006\047\006\052}{section.3.3}% 26
\BOOKMARK [2][-]{subsection.3.3.4}{\376\377\006\105\006\110\006\061\006\057\000\040\006\251\006\047\006\061\006\050\006\061\006\057\000\040\000U\000C\000-\0000\0003\000:\000\040\006\053\006\050\006\052\040\014\006\106\006\047\006\105\006\014\000\040\006\110\006\061\006\110\006\057\000\040\006\110\000\040\006\056\006\061\006\110\006\054}{section.3.3}% 27
\BOOKMARK [2][-]{subsection.3.3.5}{\376\377\006\105\006\110\006\061\006\057\000\040\006\251\006\047\006\061\006\050\006\061\006\057\000\040\000U\000C\000-\0000\0004\000:\000\040\006\105\006\057\006\314\006\061\006\314\006\052\000\040\006\055\006\063\006\047\006\050\006\014\000\040\006\251\006\104\006\314\006\057\000\040\006\110\000\040\006\063\006\047\006\062\006\105\006\047\006\106}{section.3.3}% 28
\BOOKMARK [2][-]{subsection.3.3.6}{\376\377\006\105\006\110\006\061\006\057\000\040\006\251\006\047\006\061\006\050\006\061\006\057\000\040\000U\000C\000-\0000\0005\000:\000\040\006\047\006\106\006\052\006\056\006\047\006\050\000\040\006\110\000\040\006\101\006\071\006\047\006\104\040\014\006\063\006\047\006\062\006\314\000\040\006\047\006\064\006\052\006\061\006\047\006\251}{section.3.3}% 29
\BOOKMARK [2][-]{subsection.3.3.7}{\376\377\006\105\006\110\006\061\006\057\000\040\006\251\006\047\006\061\006\050\006\061\006\057\000\040\000U\000C\000-\0000\0006\000:\000\040\006\047\006\106\006\052\006\064\006\047\006\061\000\040\000A\000P\000I}{section.3.3}% 30
\BOOKMARK [2][-]{subsection.3.3.8}{\376\377\006\105\006\110\006\061\006\057\000\040\006\251\006\047\006\061\006\050\006\061\006\057\000\040\000U\000C\000-\0000\0007\000:\000\040\006\053\006\050\006\052\000\040\006\314\006\047\000\040\006\047\006\065\006\104\006\047\006\055\000\040\006\047\006\105\006\052\006\314\006\047\006\062}{section.3.3}% 31
\BOOKMARK [2][-]{subsection.3.3.9}{\376\377\006\105\006\110\006\061\006\057\000\040\006\251\006\047\006\061\006\050\006\061\006\057\000\040\000U\000C\000-\0000\0008\000:\000\040\006\047\006\054\006\061\006\047\006\314\000\040\006\057\006\061\006\056\006\110\006\047\006\063\006\052\000\040\006\057\006\061\000\040\000C\000a\000l\000l\000e\000r}{section.3.3}% 32
\BOOKMARK [2][-]{subsection.3.3.10}{\376\377\006\105\006\110\006\061\006\057\000\040\006\251\006\047\006\061\006\050\006\061\006\057\000\040\000U\000C\000-\0000\0009\000:\000\040\006\052\006\071\006\061\006\314\006\101\000\040\006\110\000\040\006\060\006\056\006\314\006\061\006\107\000\040\006\054\006\061\006\314\006\047\006\106\000\040\006\057\006\061\000\040\000S\000t\000u\000d\000i\000o}{section.3.3}% 33
\BOOKMARK [2][-]{subsection.3.3.11}{\376\377\006\105\006\110\006\061\006\057\000\040\006\251\006\047\006\061\006\050\006\061\006\057\000\040\000U\000C\000-\0001\0000\000:\000\040\006\047\006\314\006\054\006\047\006\057\000\040\006\176\006\061\006\110\006\230\006\107\000\040\006\042\006\072\006\047\006\062\006\314\006\106}{section.3.3}% 34
\BOOKMARK [2][-]{subsection.3.3.12}{\376\377\006\105\006\110\006\061\006\057\000\040\006\251\006\047\006\061\006\050\006\061\006\057\000\040\000U\000C\000-\0001\0001\000:\000\040\006\105\006\064\006\047\006\107\006\057\006\107\000\040\006\057\006\047\006\064\006\050\006\110\006\061\006\057\006\014\000\040\006\057\006\063\006\052\006\061\006\063\006\314\000\040\006\110\000\040\006\105\006\065\006\061\006\101}{section.3.3}% 35
\BOOKMARK [2][-]{subsection.3.3.13}{\376\377\006\105\006\110\006\061\006\057\000\040\006\251\006\047\006\061\006\050\006\061\006\057\000\040\000U\000C\000-\0001\0002\000:\000\040\006\105\006\057\006\314\006\061\006\314\006\052\000\040\006\057\006\047\006\057\006\107\040\014\006\107\006\047\006\314\000\040\006\062\006\106\006\057\006\107\000\040\006\063\006\047\006\105\006\047\006\106\006\107}{section.3.3}% 36
\BOOKMARK [2][-]{subsection.3.3.14}{\376\377\006\105\006\110\006\061\006\057\000\040\006\251\006\047\006\061\006\050\006\061\006\057\000\040\000U\000C\000-\0001\0003\000:\000\040\006\052\006\055\006\104\006\314\006\104\000\040\006\042\006\061\006\064\006\314\006\110\000\040\006\176\006\061\006\110\006\230\006\107}{section.3.3}% 37
\BOOKMARK [2][-]{subsection.3.3.15}{\376\377\006\105\006\110\006\061\006\057\000\040\006\251\006\047\006\061\006\050\006\061\006\057\000\040\000U\000C\000-\0001\0004\000:\000\040\006\047\006\063\006\052\006\102\006\061\006\047\006\061\000\040\006\176\006\061\006\110\006\230\006\107\000\040\006\101\006\064\006\061\006\057\006\107}{section.3.3}% 38
\BOOKMARK [2][-]{subsection.3.3.16}{\376\377\006\105\006\110\006\061\006\057\000\040\006\251\006\047\006\061\006\050\006\061\006\057\000\040\000U\000C\000-\0001\0005\000:\000\040\006\251\006\047\006\061\000\040\006\050\006\047\000\040\006\251\006\047\006\052\006\047\006\104\006\110\006\257\000\040\006\110\000\040\006\176\006\061\006\110\006\230\006\107\000\040\006\047\006\062\000\040\006\056\006\067\000\040\006\101\006\061\006\105\006\047\006\106}{section.3.3}% 39
\BOOKMARK [2][-]{subsection.3.3.17}{\376\377\006\061\006\110\006\047\006\050\006\067\000\040\006\110\000\040\006\102\006\047\006\050\006\104\006\314\006\052\000\040\006\061\006\057\006\314\006\047\006\050\006\314\000\040\006\105\006\110\006\047\006\061\006\057\000\040\006\251\006\047\006\061\006\050\006\061\006\057}{section.3.3}% 40
\BOOKMARK [1][-]{section.3.4}{\376\377\006\110\006\061\006\110\006\057\006\314\040\014\006\107\006\047\006\014\000\040\006\056\006\061\006\110\006\054\006\314\040\014\006\107\006\047\000\040\006\110\000\040\006\047\006\071\006\052\006\050\006\047\006\061\006\063\006\106\006\054\006\314}{chapter.3}% 41
\BOOKMARK [1][-]{section.3.5}{\376\377\006\047\006\105\006\106\006\314\006\052}{chapter.3}% 42
\BOOKMARK [1][-]{section.3.6}{\376\377\006\054\006\105\006\071\040\014\006\050\006\106\006\057\006\314\000\040\006\101\006\065\006\104}{chapter.3}% 43
\BOOKMARK [0][-]{chapter.4}{\376\377\006\105\006\071\006\105\006\047\006\061\006\314\000\040\006\110\000\040\006\067\006\061\006\047\006\055\006\314}{}% 44
\BOOKMARK [1][-]{section.4.1}{\376\377\006\106\006\105\006\047\006\314\000\040\006\251\006\104\006\314}{chapter.4}% 45
\BOOKMARK [1][-]{section.4.2}{\376\377\006\106\006\105\006\110\006\057\006\047\006\061\000\040\006\105\006\071\006\105\006\047\006\061\006\314}{chapter.4}% 46
\BOOKMARK [1][-]{section.4.3}{\376\377\006\105\006\057\006\104\000\040\006\057\006\047\006\057\006\107}{chapter.4}% 47
\BOOKMARK [1][-]{section.4.4}{\376\377\006\105\006\061\006\062\006\107\006\047\006\314\000\040\006\056\006\047\006\061\006\054\006\314}{chapter.4}% 48
\BOOKMARK [1][-]{section.4.5}{\376\377\006\054\006\105\006\071\040\014\006\050\006\106\006\057\006\314\000\040\006\101\006\065\006\104}{chapter.4}% 49
\BOOKMARK [0][-]{chapter.5}{\376\377\006\176\006\314\006\047\006\057\006\107\040\014\006\063\006\047\006\062\006\314}{}% 50
\BOOKMARK [1][-]{section.5.1}{\376\377\006\105\006\063\006\314\006\061\006\107\006\047\006\314\000\040\006\050\006\251\040\014\006\047\006\106\006\057}{chapter.5}% 51
\BOOKMARK [1][-]{section.5.2}{\376\377\006\104\006\047\006\314\006\107\000\040\000R\000e\000p\000o\000s\000i\000t\000o\000r\000y}{chapter.5}% 52
\BOOKMARK [1][-]{section.5.3}{\376\377\000S\000e\000r\000i\000a\000l\000i\000z\000e\000r\000\040\006\110\000\040\006\102\006\061\006\047\006\061\006\057\006\047\006\057\000\040\006\176\006\047\006\063\006\056}{chapter.5}% 53
\BOOKMARK [1][-]{section.5.4}{\376\377\006\101\006\061\006\047\006\106\006\052\040\014\006\047\006\106\006\057}{chapter.5}% 54
\BOOKMARK [1][-]{section.5.5}{\376\377\006\054\006\061\006\314\006\047\006\106\040\014\006\107\006\047\006\314\000\040\006\047\006\065\006\104\006\314\000\040\006\176\006\314\006\047\006\057\006\107\040\014\006\063\006\047\006\062\006\314}{chapter.5}% 55
\BOOKMARK [1][-]{section.5.6}{\376\377\006\050\006\056\006\064\040\014\006\107\006\047\006\314\000\040\006\101\006\106\006\314}{chapter.5}% 56
\BOOKMARK [1][-]{section.5.7}{\376\377\006\106\006\105\006\110\006\106\006\107\000\040\006\251\006\057}{chapter.5}% 57
\BOOKMARK [1][-]{section.5.8}{\376\377\006\054\006\105\006\071\040\014\006\050\006\106\006\057\006\314\000\040\006\101\006\065\006\104}{chapter.5}% 58
\BOOKMARK [0][-]{chapter.6}{\376\377\006\042\006\062\006\105\006\110\006\106\000\040\006\110\000\040\006\047\006\061\006\062\006\314\006\047\006\050\006\314}{}% 59
\BOOKMARK [1][-]{section.6.1}{\376\377\006\061\006\047\006\107\006\050\006\061\006\057\000\040\006\042\006\062\006\105\006\110\006\106}{chapter.6}% 60
\BOOKMARK [1][-]{section.6.2}{\376\377\006\106\006\052\006\047\006\314\006\054\000\040\006\047\006\054\006\061\006\047}{chapter.6}% 61
\BOOKMARK [1][-]{section.6.3}{\376\377\006\054\006\057\006\110\006\104\000\040\006\042\006\062\006\105\006\110\006\106\040\014\006\107\006\047}{chapter.6}% 62
\BOOKMARK [1][-]{section.6.4}{\376\377\006\105\006\055\006\057\006\110\006\057\006\314\006\052\040\014\006\107\006\047\006\314\000\040\006\042\006\062\006\105\006\110\006\106}{chapter.6}% 63
\BOOKMARK [1][-]{section.6.5}{\376\377\006\054\006\105\006\071\040\014\006\050\006\106\006\057\006\314\000\040\006\101\006\065\006\104}{chapter.6}% 64
\BOOKMARK [0][-]{chapter.7}{\376\377\006\106\006\052\006\047\006\314\006\054\000\040\006\110\000\040\006\050\006\055\006\053}{}% 65
\BOOKMARK [1][-]{section.7.1}{\376\377\006\110\006\314\006\230\006\257\006\314\040\014\006\107\006\047\006\314\000\040\006\176\006\314\006\047\006\057\006\107\040\014\006\063\006\047\006\062\006\314\040\014\006\064\006\057\006\107}{chapter.7}% 66
\BOOKMARK [1][-]{section.7.2}{\376\377\006\106\006\105\006\110\006\106\006\107\000\040\006\056\006\061\006\110\006\054\006\314\000\040\000A\000P\000I}{chapter.7}% 67
\BOOKMARK [1][-]{section.7.3}{\376\377\006\106\006\102\006\047\006\067\000\040\006\102\006\110\006\052}{chapter.7}% 68
\BOOKMARK [1][-]{section.7.4}{\376\377\006\206\006\047\006\104\006\064\040\014\006\107\006\047\000\040\006\110\000\040\006\050\006\057\006\107\006\314\000\040\006\101\006\106\006\314}{chapter.7}% 69
\BOOKMARK [1][-]{section.7.5}{\376\377\006\050\006\055\006\053}{chapter.7}% 70
\BOOKMARK [1][-]{section.7.6}{\376\377\006\054\006\105\006\071\040\014\006\050\006\106\006\057\006\314\000\040\006\101\006\065\006\104}{chapter.7}% 71
\BOOKMARK [0][-]{chapter.8}{\376\377\006\106\006\052\006\314\006\054\006\107\040\014\006\257\006\314\006\061\006\314\000\040\006\110\000\040\006\251\006\047\006\061\006\107\006\047\006\314\000\040\006\042\006\314\006\106\006\057\006\107}{}% 72
\BOOKMARK [1][-]{section.8.1}{\376\377\006\054\006\105\006\071\040\014\006\050\006\106\006\057\006\314\000\040\006\251\006\047\006\061\000\040\006\047\006\106\006\054\006\047\006\105\040\014\006\064\006\057\006\107}{chapter.8}% 73
\BOOKMARK [1][-]{section.8.2}{\376\377\006\057\006\063\006\052\006\047\006\110\006\061\006\057\006\107\006\047\006\314\000\040\006\047\006\065\006\104\006\314}{chapter.8}% 74
\BOOKMARK [1][-]{section.8.3}{\376\377\006\105\006\055\006\057\006\110\006\057\006\314\006\052\040\014\006\107\006\047\006\314\000\040\006\101\006\071\006\104\006\314}{chapter.8}% 75
\BOOKMARK [1][-]{section.8.4}{\376\377\006\251\006\047\006\061\006\107\006\047\006\314\000\040\006\042\006\314\006\106\006\057\006\107}{chapter.8}% 76
\BOOKMARK [1][-]{section.8.5}{\376\377\006\054\006\105\006\071\040\014\006\050\006\106\006\057\006\314\000\040\006\101\006\065\006\104}{chapter.8}% 77
\BOOKMARK [0][-]{section*.43}{\376\377\006\105\006\106\006\047\006\050\006\071}{}% 78
\BOOKMARK [0][-]{appendix.Alph1}{\376\377\006\061\006\047\006\107\006\106\006\105\006\047\006\314\000\040\006\047\006\054\006\061\006\047\000\040\006\110\000\040\006\064\006\110\006\047\006\107\006\057\000\040\006\052\006\251\006\105\006\314\006\104\006\314}{}% 79
\BOOKMARK [1][-]{section.Alph1.1}{\376\377\006\047\006\054\006\061\006\047\006\314\000\040\006\105\006\055\006\104\006\314}{appendix.Alph1}% 80
\BOOKMARK [1][-]{section.Alph1.2}{\376\377\006\047\006\054\006\061\006\047\006\314\000\040\006\042\006\062\006\105\006\110\006\106\000\040\006\050\006\251\040\014\006\047\006\106\006\057}{appendix.Alph1}% 81
\BOOKMARK [1][-]{section.Alph1.3}{\376\377\006\105\006\063\006\314\006\061\006\107\006\047\006\314\000\040\006\105\006\107\006\105}{appendix.Alph1}% 82
